# serializer version: 1
# name: test_entity[binary_sensor.my_label_state-entry]
  EntityRegistryEntrySnapshot({
    'aliases': list([
      None,
    ]),
    'area_id': None,
    'capabilities': None,
    'config_entry_id': <ANY>,
    'config_subentry_id': <ANY>,
    'device_class': None,
    'device_id': <ANY>,
    'disabled_by': None,
    'domain': 'binary_sensor',
    'entity_category': None,
    'entity_id': 'binary_sensor.my_label_state',
    'has_entity_name': False,
    'hidden_by': None,
    'icon': None,
    'id': <ANY>,
    'labels': set({
    }),
    'name': None,
    'object_id_base': 'My Label State',
    'options': dict({
    }),
    'original_device_class': None,
    'original_icon': 'mdi:tag',
    'original_name': 'My Label State',
    'platform': 'label_state',
    'previous_unique_id': None,
    'suggested_object_id': None,
    'supported_features': 0,
    'translation_key': None,
    'unique_id': 'helper-entry',
    'unit_of_measurement': None,
  })
# ---
# name: test_entity[binary_sensor.my_label_state-state]
  StateSnapshot({
    'attributes': ReadOnlyDict({
      'entities': list([
        'sensor.test_source',
      ]),
      'entity_names': list([
        'Source',
      ]),
      'friendly_name': 'My Label State',
      'icon': 'mdi:tag',
      'label_name': 'test',
    }),
    'context': <ANY>,
    'entity_id': 'binary_sensor.my_label_state',
    'last_changed': <ANY>,
    'last_reported': <ANY>,
    'last_updated': <ANY>,
    'state': 'on',
  })
# ---
